Archive member included because of file (symbol)

/Applications/ti/ccsv6/tools/compiler/gcc-arm-none-eabi-4_9-2015q3/bin/../lib/gcc/arm-none-eabi/4.9.3/../../../../arm-none-eabi/lib/armv7e-m/fpu/libg.a(lib_a-exit.o)
                              /Applications/ti/ccsv6/tools/compiler/gcc-arm-none-eabi-4_9-2015q3/bin/../lib/gcc/arm-none-eabi/4.9.3/../../../../arm-none-eabi/lib/armv7e-m/fpu/crt0.o (exit)
/Applications/ti/ccsv6/tools/compiler/gcc-arm-none-eabi-4_9-2015q3/bin/../lib/gcc/arm-none-eabi/4.9.3/../../../../arm-none-eabi/lib/armv7e-m/fpu/libg.a(lib_a-impure.o)
                              /Applications/ti/ccsv6/tools/compiler/gcc-arm-none-eabi-4_9-2015q3/bin/../lib/gcc/arm-none-eabi/4.9.3/../../../../arm-none-eabi/lib/armv7e-m/fpu/libg.a(lib_a-exit.o) (_global_impure_ptr)
/Applications/ti/ccsv6/tools/compiler/gcc-arm-none-eabi-4_9-2015q3/bin/../lib/gcc/arm-none-eabi/4.9.3/../../../../arm-none-eabi/lib/armv7e-m/fpu/libg.a(lib_a-init.o)
                              /Applications/ti/ccsv6/tools/compiler/gcc-arm-none-eabi-4_9-2015q3/bin/../lib/gcc/arm-none-eabi/4.9.3/../../../../arm-none-eabi/lib/armv7e-m/fpu/crt0.o (__libc_init_array)
/Applications/ti/ccsv6/tools/compiler/gcc-arm-none-eabi-4_9-2015q3/bin/../lib/gcc/arm-none-eabi/4.9.3/../../../../arm-none-eabi/lib/armv7e-m/fpu/libg.a(lib_a-memcpy.o)
                              ./simplelink/source/device.o (memcpy)
/Applications/ti/ccsv6/tools/compiler/gcc-arm-none-eabi-4_9-2015q3/bin/../lib/gcc/arm-none-eabi/4.9.3/../../../../arm-none-eabi/lib/armv7e-m/fpu/libg.a(lib_a-memset.o)
                              /Applications/ti/ccsv6/tools/compiler/gcc-arm-none-eabi-4_9-2015q3/bin/../lib/gcc/arm-none-eabi/4.9.3/../../../../arm-none-eabi/lib/armv7e-m/fpu/crt0.o (memset)
/Applications/ti/ccsv6/tools/compiler/gcc-arm-none-eabi-4_9-2015q3/bin/../lib/gcc/arm-none-eabi/4.9.3/../../../../arm-none-eabi/lib/armv7e-m/fpu/libg.a(lib_a-__call_atexit.o)
                              /Applications/ti/ccsv6/tools/compiler/gcc-arm-none-eabi-4_9-2015q3/bin/../lib/gcc/arm-none-eabi/4.9.3/../../../../arm-none-eabi/lib/armv7e-m/fpu/libg.a(lib_a-exit.o) (__call_exitprocs)
/Applications/ti/ccsv6/tools/compiler/gcc-arm-none-eabi-4_9-2015q3/bin/../lib/gcc/arm-none-eabi/4.9.3/../../../../arm-none-eabi/lib/armv7e-m/fpu/libg.a(lib_a-atexit.o)
                              /Applications/ti/ccsv6/tools/compiler/gcc-arm-none-eabi-4_9-2015q3/bin/../lib/gcc/arm-none-eabi/4.9.3/../../../../arm-none-eabi/lib/armv7e-m/fpu/libg.a(lib_a-__call_atexit.o) (atexit)
/Applications/ti/ccsv6/tools/compiler/gcc-arm-none-eabi-4_9-2015q3/bin/../lib/gcc/arm-none-eabi/4.9.3/../../../../arm-none-eabi/lib/armv7e-m/fpu/libg.a(lib_a-fini.o)
                              /Applications/ti/ccsv6/tools/compiler/gcc-arm-none-eabi-4_9-2015q3/bin/../lib/gcc/arm-none-eabi/4.9.3/../../../../arm-none-eabi/lib/armv7e-m/fpu/libg.a(lib_a-__call_atexit.o) (__libc_fini_array)
/Applications/ti/ccsv6/tools/compiler/gcc-arm-none-eabi-4_9-2015q3/bin/../lib/gcc/arm-none-eabi/4.9.3/../../../../arm-none-eabi/lib/armv7e-m/fpu/libg.a(lib_a-__atexit.o)
                              /Applications/ti/ccsv6/tools/compiler/gcc-arm-none-eabi-4_9-2015q3/bin/../lib/gcc/arm-none-eabi/4.9.3/../../../../arm-none-eabi/lib/armv7e-m/fpu/libg.a(lib_a-atexit.o) (__register_exitproc)
/Applications/ti/ccsv6/tools/compiler/gcc-arm-none-eabi-4_9-2015q3/bin/../lib/gcc/arm-none-eabi/4.9.3/../../../../arm-none-eabi/lib/armv7e-m/fpu/libnosys.a(_exit.o)
                              /Applications/ti/ccsv6/tools/compiler/gcc-arm-none-eabi-4_9-2015q3/bin/../lib/gcc/arm-none-eabi/4.9.3/../../../../arm-none-eabi/lib/armv7e-m/fpu/libg.a(lib_a-exit.o) (_exit)

Allocating common symbols
Common symbol       size              file

g_bDeviceRestartIsRequired
                    0x1               ./simplelink/source/driver.o
RxIrqCnt            0x1               ./simplelink/source/driver.o
ssi2_status         0x1               ./HAL/SPID.o
UDMA_ssi2_app_rx_data
                    0x10              ./main.o

Memory Configuration

Name             Origin             Length             Attributes
FLASH            0x0000000000000000 0x0000000000040000 xr
SRAM             0x0000000020000268 0x0000000000007d98 xw
*default*        0x0000000000000000 0xffffffffffffffff

Linker script and memory map

LOAD /Applications/ti/ccsv6/tools/compiler/gcc-arm-none-eabi-4_9-2015q3/bin/../lib/gcc/arm-none-eabi/4.9.3/armv7e-m/fpu/crti.o
LOAD /Applications/ti/ccsv6/tools/compiler/gcc-arm-none-eabi-4_9-2015q3/bin/../lib/gcc/arm-none-eabi/4.9.3/armv7e-m/fpu/crtbegin.o
LOAD /Applications/ti/ccsv6/tools/compiler/gcc-arm-none-eabi-4_9-2015q3/bin/../lib/gcc/arm-none-eabi/4.9.3/../../../../arm-none-eabi/lib/armv7e-m/fpu/crt0.o
LOAD ./main.o
LOAD ./tm4c123gh6pm_startup_ccs_gcc.o
LOAD ./ERRH/ERRH.o
LOAD ./HAL/SPID.o
LOAD ./HAL/SRHL.o
LOAD ./HAL/TIMD.o
LOAD ./HAL/board.o
LOAD ./HAL/uDMA.o
LOAD ./cmsis/cmsis_nvic.o
LOAD ./cmsis/system_LM4F.o
LOAD ./simplelink/source/device.o
LOAD ./simplelink/source/driver.o
LOAD ./simplelink/source/flowcont.o
LOAD ./simplelink/source/fs.o
LOAD ./simplelink/source/netapp.o
LOAD ./simplelink/source/netcfg.o
LOAD ./simplelink/source/nonos.o
LOAD ./simplelink/source/socket.o
LOAD ./simplelink/source/spawn.o
LOAD ./simplelink/source/wlan.o
                0x0000000000000000                PROVIDE (_intvecs_base_address, 0x0)

.intvecs        0x0000000000000000      0x26c
 *(.intvecs)
 .intvecs       0x0000000000000000      0x26c ./tm4c123gh6pm_startup_ccs_gcc.o
                0x0000000000000000                g_pfnVectors
                0x0000000020000000                PROVIDE (_vtable_base_address, 0x20000000)

.vtable
 *(.vtable)

.text           0x000000000000026c     0x6cec
 CREATE_OBJECT_SYMBOLS
 *(.text)
 .text          0x000000000000026c        0x0 /Applications/ti/ccsv6/tools/compiler/gcc-arm-none-eabi-4_9-2015q3/bin/../lib/gcc/arm-none-eabi/4.9.3/armv7e-m/fpu/crti.o
 .text          0x000000000000026c       0x5c /Applications/ti/ccsv6/tools/compiler/gcc-arm-none-eabi-4_9-2015q3/bin/../lib/gcc/arm-none-eabi/4.9.3/armv7e-m/fpu/crtbegin.o
 .text          0x00000000000002c8       0x74 /Applications/ti/ccsv6/tools/compiler/gcc-arm-none-eabi-4_9-2015q3/bin/../lib/gcc/arm-none-eabi/4.9.3/../../../../arm-none-eabi/lib/armv7e-m/fpu/crt0.o
                0x00000000000002c8                _mainCRTStartup
                0x00000000000002c8                _start
 .text          0x000000000000033c        0x0 ./main.o
 .text          0x000000000000033c        0x0 ./tm4c123gh6pm_startup_ccs_gcc.o
 .text          0x000000000000033c        0x0 ./ERRH/ERRH.o
 .text          0x000000000000033c        0x0 ./HAL/SPID.o
 .text          0x000000000000033c        0x0 ./HAL/SRHL.o
 .text          0x000000000000033c        0x0 ./HAL/TIMD.o
 .text          0x000000000000033c        0x0 ./HAL/board.o
 .text          0x000000000000033c        0x0 ./HAL/uDMA.o
 .text          0x000000000000033c        0x0 ./cmsis/cmsis_nvic.o
 .text          0x000000000000033c        0x0 ./cmsis/system_LM4F.o
 .text          0x000000000000033c        0x0 ./simplelink/source/device.o
 .text          0x000000000000033c        0x0 ./simplelink/source/driver.o
 .text          0x000000000000033c        0x0 ./simplelink/source/flowcont.o
 .text          0x000000000000033c        0x0 ./simplelink/source/fs.o
 .text          0x000000000000033c        0x0 ./simplelink/source/netapp.o
 .text          0x000000000000033c        0x0 ./simplelink/source/netcfg.o
 .text          0x000000000000033c        0x0 ./simplelink/source/nonos.o
 .text          0x000000000000033c        0x0 ./simplelink/source/socket.o
 .text          0x000000000000033c        0x0 ./simplelink/source/spawn.o
 .text          0x000000000000033c        0x0 ./simplelink/source/wlan.o
 .text          0x000000000000033c        0x0 /Applications/ti/ccsv6/tools/compiler/gcc-arm-none-eabi-4_9-2015q3/bin/../lib/gcc/arm-none-eabi/4.9.3/../../../../arm-none-eabi/lib/armv7e-m/fpu/libg.a(lib_a-exit.o)
 .text          0x000000000000033c        0x0 /Applications/ti/ccsv6/tools/compiler/gcc-arm-none-eabi-4_9-2015q3/bin/../lib/gcc/arm-none-eabi/4.9.3/../../../../arm-none-eabi/lib/armv7e-m/fpu/libg.a(lib_a-impure.o)
 .text          0x000000000000033c        0x0 /Applications/ti/ccsv6/tools/compiler/gcc-arm-none-eabi-4_9-2015q3/bin/../lib/gcc/arm-none-eabi/4.9.3/../../../../arm-none-eabi/lib/armv7e-m/fpu/libg.a(lib_a-init.o)
 .text          0x000000000000033c      0x134 /Applications/ti/ccsv6/tools/compiler/gcc-arm-none-eabi-4_9-2015q3/bin/../lib/gcc/arm-none-eabi/4.9.3/../../../../arm-none-eabi/lib/armv7e-m/fpu/libg.a(lib_a-memcpy.o)
                0x000000000000033c                memcpy
 .text          0x0000000000000470        0x0 /Applications/ti/ccsv6/tools/compiler/gcc-arm-none-eabi-4_9-2015q3/bin/../lib/gcc/arm-none-eabi/4.9.3/../../../../arm-none-eabi/lib/armv7e-m/fpu/libg.a(lib_a-memset.o)
 .text          0x0000000000000470        0x0 /Applications/ti/ccsv6/tools/compiler/gcc-arm-none-eabi-4_9-2015q3/bin/../lib/gcc/arm-none-eabi/4.9.3/../../../../arm-none-eabi/lib/armv7e-m/fpu/libg.a(lib_a-__call_atexit.o)
 .text          0x0000000000000470        0x0 /Applications/ti/ccsv6/tools/compiler/gcc-arm-none-eabi-4_9-2015q3/bin/../lib/gcc/arm-none-eabi/4.9.3/../../../../arm-none-eabi/lib/armv7e-m/fpu/libg.a(lib_a-atexit.o)
 .text          0x0000000000000470        0x0 /Applications/ti/ccsv6/tools/compiler/gcc-arm-none-eabi-4_9-2015q3/bin/../lib/gcc/arm-none-eabi/4.9.3/../../../../arm-none-eabi/lib/armv7e-m/fpu/libg.a(lib_a-fini.o)
 .text          0x0000000000000470        0x0 /Applications/ti/ccsv6/tools/compiler/gcc-arm-none-eabi-4_9-2015q3/bin/../lib/gcc/arm-none-eabi/4.9.3/../../../../arm-none-eabi/lib/armv7e-m/fpu/libg.a(lib_a-__atexit.o)
 .text          0x0000000000000470        0x0 /Applications/ti/ccsv6/tools/compiler/gcc-arm-none-eabi-4_9-2015q3/bin/../lib/gcc/arm-none-eabi/4.9.3/../../../../arm-none-eabi/lib/armv7e-m/fpu/libnosys.a(_exit.o)
 .text          0x0000000000000470        0x0 /Applications/ti/ccsv6/tools/compiler/gcc-arm-none-eabi-4_9-2015q3/bin/../lib/gcc/arm-none-eabi/4.9.3/armv7e-m/fpu/crtend.o
 .text          0x0000000000000470        0x0 /Applications/ti/ccsv6/tools/compiler/gcc-arm-none-eabi-4_9-2015q3/bin/../lib/gcc/arm-none-eabi/4.9.3/armv7e-m/fpu/crtn.o
 *(.text.*)
 .text.main     0x0000000000000470       0xf4 ./main.o
                0x0000000000000470                main
 .text.ResetISR
                0x0000000000000564       0x6c ./tm4c123gh6pm_startup_ccs_gcc.o
                0x0000000000000564                ResetISR
 .text.NmiSR    0x00000000000005d0        0x8 ./tm4c123gh6pm_startup_ccs_gcc.o
 .text.FaultISR
                0x00000000000005d8        0x8 ./tm4c123gh6pm_startup_ccs_gcc.o
 .text.IntDefaultHandler
                0x00000000000005e0        0x8 ./tm4c123gh6pm_startup_ccs_gcc.o
 .text.SSI2Init
                0x00000000000005e8       0xb4 ./HAL/SPID.o
 .text.SPID_Init
                0x000000000000069c       0xb0 ./HAL/SPID.o
                0x000000000000069c                SPID_Init
 .text.SPID_Enable
                0x000000000000074c       0x40 ./HAL/SPID.o
                0x000000000000074c                SPID_Enable
 .text.SPID_Disable
                0x000000000000078c       0x40 ./HAL/SPID.o
                0x000000000000078c                SPID_Disable
 .text.SPID_GetEnabledSPI
                0x00000000000007cc       0x18 ./HAL/SPID.o
                0x00000000000007cc                SPID_GetEnabledSPI
 .text.SPID_SSI2SendData
                0x00000000000007e4       0x3c ./HAL/SPID.o
                0x00000000000007e4                SPID_SSI2SendData
 .text.SPID_SSI2ReceiveData
                0x0000000000000820       0x30 ./HAL/SPID.o
                0x0000000000000820                SPID_SSI2ReceiveData
 .text.SPID_GetSSI2Status
                0x0000000000000850       0x84 ./HAL/SPID.o
                0x0000000000000850                SPID_GetSSI2Status
 .text.NVIC_EnableIRQ
                0x00000000000008d4       0x30 ./HAL/SRHL.o
 .text.GPIOsInit
                0x0000000000000904       0xf8 ./HAL/SRHL.o
 .text.SRHL_IfOpen
                0x00000000000009fc       0x24 ./HAL/SRHL.o
                0x00000000000009fc                SRHL_IfOpen
 .text.SRHL_IfClose
                0x0000000000000a20       0x14 ./HAL/SRHL.o
                0x0000000000000a20                SRHL_IfClose
 .text.SRHL_IfRead
                0x0000000000000a34       0x18 ./HAL/SRHL.o
                0x0000000000000a34                SRHL_IfRead
 .text.SRHL_IfWrite
                0x0000000000000a4c       0x18 ./HAL/SRHL.o
                0x0000000000000a4c                SRHL_IfWrite
 .text.NVIC_SetPriority
                0x0000000000000a64       0x54 ./HAL/TIMD.o
 .text.SysTick_Config
                0x0000000000000ab8       0x44 ./HAL/TIMD.o
 .text.Systick_InterruptHandler
                0x0000000000000afc       0x90 ./HAL/TIMD.o
 .text.Task_5ms
                0x0000000000000b8c       0x54 ./HAL/TIMD.o
 .text.Task_10ms
                0x0000000000000be0        0xc ./HAL/TIMD.o
 .text.Task_Initialization
                0x0000000000000bec       0x14 ./HAL/TIMD.o
 .text.InitTimerA
                0x0000000000000c00       0x34 ./HAL/TIMD.o
 .text.TIMD_SchInit
                0x0000000000000c34       0x38 ./HAL/TIMD.o
                0x0000000000000c34                TIMD_SchInit
 .text.TIMD_SchAppl
                0x0000000000000c6c       0x44 ./HAL/TIMD.o
                0x0000000000000c6c                TIMD_SchAppl
 .text.TIMD_WaitTimerA
                0x0000000000000cb0       0x40 ./HAL/TIMD.o
                0x0000000000000cb0                TIMD_WaitTimerA
 .text.SlStudio_RegisterInterruptHandler
                0x0000000000000cf0       0x18 ./HAL/board.o
                0x0000000000000cf0                SlStudio_RegisterInterruptHandler
 .text.GPIOB_intHandler
                0x0000000000000d08        0xc ./HAL/board.o
                0x0000000000000d08                GPIOB_intHandler
 .text.CC3100_enable
                0x0000000000000d14        0xc ./HAL/board.o
                0x0000000000000d14                CC3100_enable
 .text.CC3100_disable
                0x0000000000000d20        0xc ./HAL/board.o
                0x0000000000000d20                CC3100_disable
 .text.CC3100_InterruptEnable
                0x0000000000000d2c        0xc ./HAL/board.o
                0x0000000000000d2c                CC3100_InterruptEnable
 .text.CC3100_InterruptDisable
                0x0000000000000d38        0xc ./HAL/board.o
                0x0000000000000d38                CC3100_InterruptDisable
 .text.stopWDT  0x0000000000000d44        0xc ./HAL/board.o
                0x0000000000000d44                stopWDT
 .text.initClk  0x0000000000000d50        0xc ./HAL/board.o
                0x0000000000000d50                initClk
 .text.MaskIntHdlr
                0x0000000000000d5c        0xc ./HAL/board.o
                0x0000000000000d5c                MaskIntHdlr
 .text.UnMaskIntHdlr
                0x0000000000000d68        0xc ./HAL/board.o
                0x0000000000000d68                UnMaskIntHdlr
 .text.UART1_intHandler
                0x0000000000000d74        0xc ./HAL/board.o
                0x0000000000000d74                UART1_intHandler
 .text.Delay    0x0000000000000d80       0x14 ./HAL/board.o
                0x0000000000000d80                Delay
 .text.SSI2DMAConfiguration
                0x0000000000000d94       0xc0 ./HAL/uDMA.o
 .text.CfgDMAChSrcAdd
                0x0000000000000e54       0x28 ./HAL/uDMA.o
 .text.CfgDMAChDesAdd
                0x0000000000000e7c       0x28 ./HAL/uDMA.o
 .text.CfgDMAChContrWrd
                0x0000000000000ea4       0x28 ./HAL/uDMA.o
 .text.UDMA_Init
                0x0000000000000ecc       0x28 ./HAL/uDMA.o
                0x0000000000000ecc                UDMA_Init
 .text.UDMA_SetChSwRqt
                0x0000000000000ef4       0x24 ./HAL/uDMA.o
                0x0000000000000ef4                UDMA_SetChSwRqt
 .text.UDMA_GetStatus
                0x0000000000000f18       0xa4 ./HAL/uDMA.o
                0x0000000000000f18                UDMA_GetStatus
 .text.UDMA_GetWaitOnRqtStatus
                0x0000000000000fbc       0x18 ./HAL/uDMA.o
                0x0000000000000fbc                UDMA_GetWaitOnRqtStatus
 .text.UDMA_SetSSI2TxData
                0x0000000000000fd4       0x40 ./HAL/uDMA.o
                0x0000000000000fd4                UDMA_SetSSI2TxData
 .text.UDMA_UpdateSSI2RxData
                0x0000000000001014       0x3c ./HAL/uDMA.o
                0x0000000000001014                UDMA_UpdateSSI2RxData
 .text.UDMA_EnableAgain
                0x0000000000001050       0x34 ./HAL/uDMA.o
                0x0000000000001050                UDMA_EnableAgain
 .text.UDMA_RxTransferSize
                0x0000000000001084       0x68 ./HAL/uDMA.o
                0x0000000000001084                UDMA_RxTransferSize
 .text.UDMA_TxTransferSize
                0x00000000000010ec       0x68 ./HAL/uDMA.o
                0x00000000000010ec                UDMA_TxTransferSize
 .text.UDMA_GetTxTransferSize
                0x0000000000001154       0x18 ./HAL/uDMA.o
                0x0000000000001154                UDMA_GetTxTransferSize
 .text.UDMA_GetRxTransferSize
                0x000000000000116c       0x18 ./HAL/uDMA.o
                0x000000000000116c                UDMA_GetRxTransferSize
 .text.NVIC_SetVector
                0x0000000000001184       0x70 ./cmsis/cmsis_nvic.o
                0x0000000000001184                NVIC_SetVector
 .text.NVIC_GetVector
                0x00000000000011f4       0x30 ./cmsis/cmsis_nvic.o
                0x00000000000011f4                NVIC_GetVector
 .text.getOscClk
                0x0000000000001224      0x198 ./cmsis/system_LM4F.o
 .text.SystemCoreClockUpdate
                0x00000000000013bc      0x114 ./cmsis/system_LM4F.o
                0x00000000000013bc                SystemCoreClockUpdate
 .text.SystemInit
                0x00000000000014d0       0xb8 ./cmsis/system_LM4F.o
                0x00000000000014d0                SystemInit
 .text._sl_GetStartResponseConvert
                0x0000000000001588       0x24 ./simplelink/source/device.o
 .text.sl_Task  0x00000000000015ac        0xc ./simplelink/source/device.o
                0x00000000000015ac                sl_Task
 .text.sl_Start
                0x00000000000015b8       0xe4 ./simplelink/source/device.o
                0x00000000000015b8                sl_Start
 .text._sl_HandleAsync_InitComplete
                0x000000000000169c       0xa8 ./simplelink/source/device.o
                0x000000000000169c                _sl_HandleAsync_InitComplete
 .text._sl_HandleAsync_Stop
                0x0000000000001744       0x68 ./simplelink/source/device.o
                0x0000000000001744                _sl_HandleAsync_Stop
 .text.sl_Stop  0x00000000000017ac       0xe4 ./simplelink/source/device.o
                0x00000000000017ac                sl_Stop
 .text.sl_EventMaskSet
                0x0000000000001890       0x58 ./simplelink/source/device.o
                0x0000000000001890                sl_EventMaskSet
 .text.sl_EventMaskGet
                0x00000000000018e8       0x58 ./simplelink/source/device.o
                0x00000000000018e8                sl_EventMaskGet
 .text.sl_DevGet
                0x0000000000001940       0xcc ./simplelink/source/device.o
                0x0000000000001940                sl_DevGet
 .text.sl_DevSet
                0x0000000000001a0c       0x8c ./simplelink/source/device.o
                0x0000000000001a0c                sl_DevSet
 .text._SlDrvDeviceEventHandler
                0x0000000000001a98       0xa0 ./simplelink/source/device.o
                0x0000000000001a98                _SlDrvDeviceEventHandler
 .text._SlDrvProtectAsyncRespSetting
                0x0000000000001b38       0x54 ./simplelink/source/driver.o
                0x0000000000001b38                _SlDrvProtectAsyncRespSetting
 .text._SlDrvDriverCBInit
                0x0000000000001b8c      0x1cc ./simplelink/source/driver.o
                0x0000000000001b8c                _SlDrvDriverCBInit
 .text._SlDrvDriverCBDeinit
                0x0000000000001d58      0x130 ./simplelink/source/driver.o
                0x0000000000001d58                _SlDrvDriverCBDeinit
 .text._SlDrvRxIrqHandler
                0x0000000000001e88       0x68 ./simplelink/source/driver.o
                0x0000000000001e88                _SlDrvRxIrqHandler
 .text._SlDrvCmdOp
                0x0000000000001ef0       0xc4 ./simplelink/source/driver.o
                0x0000000000001ef0                _SlDrvCmdOp
 .text._SlDrvDataReadOp
                0x0000000000001fb4      0x210 ./simplelink/source/driver.o
                0x0000000000001fb4                _SlDrvDataReadOp
 .text._SlDrvDataWriteOp
                0x00000000000021c4      0x170 ./simplelink/source/driver.o
                0x00000000000021c4                _SlDrvDataWriteOp
 .text._SlDrvMsgWrite
                0x0000000000002334      0x1e0 ./simplelink/source/driver.o
 .text._SlDrvMsgRead
                0x0000000000002514      0x5f8 ./simplelink/source/driver.o
 .text._SlAsyncEventGenericHandler
                0x0000000000002b0c       0xd8 ./simplelink/source/driver.o
 .text._SlDrvMsgReadCmdCtx
                0x0000000000002be4      0x148 ./simplelink/source/driver.o
 .text._SlDrvMsgReadSpawnCtx
                0x0000000000002d2c       0xe4 ./simplelink/source/driver.o
                0x0000000000002d2c                _SlDrvMsgReadSpawnCtx
 .text._SlDrvClassifyRxMsg
                0x0000000000002e10       0xd4 ./simplelink/source/driver.o
 .text._SlDrvRxHdrRead
                0x0000000000002ee4      0x230 ./simplelink/source/driver.o
 .text._SlDrvBasicCmd
                0x0000000000003114       0x50 ./simplelink/source/driver.o
                0x0000000000003114                _SlDrvBasicCmd
 .text._SlDrvCmdSend
                0x0000000000003164       0x78 ./simplelink/source/driver.o
                0x0000000000003164                _SlDrvCmdSend
 .text._SlDrvWaitForPoolObj
                0x00000000000031dc      0x1a4 ./simplelink/source/driver.o
                0x00000000000031dc                _SlDrvWaitForPoolObj
 .text._SlDrvReleasePoolObj
                0x0000000000003380      0x204 ./simplelink/source/driver.o
                0x0000000000003380                _SlDrvReleasePoolObj
 .text._SlRemoveFromList
                0x0000000000003584       0xcc ./simplelink/source/driver.o
 .text._SlFindAndSetActiveObj
                0x0000000000003650      0x170 ./simplelink/source/driver.o
 .text._SlDrvSyncObjSignal
                0x00000000000037c0       0x2c ./simplelink/source/driver.o
                0x00000000000037c0                _SlDrvSyncObjSignal
 .text._SlDrvObjLockWaitForever
                0x00000000000037ec       0x30 ./simplelink/source/driver.o
                0x00000000000037ec                _SlDrvObjLockWaitForever
 .text._SlDrvProtectionObjLockWaitForever
                0x000000000000381c       0x38 ./simplelink/source/driver.o
                0x000000000000381c                _SlDrvProtectionObjLockWaitForever
 .text._SlDrvObjUnLock
                0x0000000000003854       0x2c ./simplelink/source/driver.o
                0x0000000000003854                _SlDrvObjUnLock
 .text._SlDrvProtectionObjUnLock
                0x0000000000003880       0x34 ./simplelink/source/driver.o
                0x0000000000003880                _SlDrvProtectionObjUnLock
 .text._SlDrvObjGlobalLockWaitForever
                0x00000000000038b4       0x38 ./simplelink/source/driver.o
 .text._SlDrvGlobalObjUnLock
                0x00000000000038ec       0x34 ./simplelink/source/driver.o
                0x00000000000038ec                _SlDrvGlobalObjUnLock
 .text._SlDrvMemZero
                0x0000000000003920       0x20 ./simplelink/source/driver.o
                0x0000000000003920                _SlDrvMemZero
 .text._SlDrvResetCmdExt
                0x0000000000003940       0x18 ./simplelink/source/driver.o
                0x0000000000003940                _SlDrvResetCmdExt
 .text._SlDrvSyncObjWaitForever
                0x0000000000003958       0x34 ./simplelink/source/driver.o
                0x0000000000003958                _SlDrvSyncObjWaitForever
 .text._SlDrvSyncObjWaitTimeout
                0x000000000000398c       0x54 ./simplelink/source/driver.o
                0x000000000000398c                _SlDrvSyncObjWaitTimeout
 .text._SlDriverHandleError
                0x00000000000039e0       0x8c ./simplelink/source/driver.o
                0x00000000000039e0                _SlDriverHandleError
 .text._sl_Strlen
                0x0000000000003a6c       0x34 ./simplelink/source/fs.o
 .text._sl_GetCreateFsMode
                0x0000000000003aa0       0xb4 ./simplelink/source/fs.o
                0x0000000000003aa0                _sl_GetCreateFsMode
 .text.sl_FsOpen
                0x0000000000003b54       0xa0 ./simplelink/source/fs.o
                0x0000000000003b54                sl_FsOpen
 .text.sl_FsClose
                0x0000000000003bf4       0xb4 ./simplelink/source/fs.o
                0x0000000000003bf4                sl_FsClose
 .text.sl_FsRead
                0x0000000000003ca8       0xf8 ./simplelink/source/fs.o
                0x0000000000003ca8                sl_FsRead
 .text.sl_FsWrite
                0x0000000000003da0       0xf4 ./simplelink/source/fs.o
                0x0000000000003da0                sl_FsWrite
 .text.sl_FsGetInfo
                0x0000000000003e94       0xa4 ./simplelink/source/fs.o
                0x0000000000003e94                sl_FsGetInfo
 .text.sl_FsDel
                0x0000000000003f38       0x74 ./simplelink/source/fs.o
                0x0000000000003f38                sl_FsDel
 .text.sl_NetAppStart
                0x0000000000003fac       0x50 ./simplelink/source/netapp.o
                0x0000000000003fac                sl_NetAppStart
 .text.sl_NetAppStop
                0x0000000000003ffc       0x50 ./simplelink/source/netapp.o
                0x0000000000003ffc                sl_NetAppStop
 .text.sl_NetAppGetServiceList
                0x000000000000404c       0xd4 ./simplelink/source/netapp.o
                0x000000000000404c                sl_NetAppGetServiceList
 .text.sl_NetAppMDNSRegisterUnregisterService
                0x0000000000004120      0x130 ./simplelink/source/netapp.o
                0x0000000000004120                sl_NetAppMDNSRegisterUnregisterService
 .text.sl_NetAppMDNSRegisterService
                0x0000000000004250       0x58 ./simplelink/source/netapp.o
                0x0000000000004250                sl_NetAppMDNSRegisterService
 .text.sl_NetAppMDNSUnRegisterService
                0x00000000000042a8       0x54 ./simplelink/source/netapp.o
                0x00000000000042a8                sl_NetAppMDNSUnRegisterService
 .text.sl_NetAppDnsGetHostByService
                0x00000000000042fc      0x130 ./simplelink/source/netapp.o
                0x00000000000042fc                sl_NetAppDnsGetHostByService
 .text._sl_HandleAsync_DnsGetHostByService
                0x000000000000442c       0xdc ./simplelink/source/netapp.o
                0x000000000000442c                _sl_HandleAsync_DnsGetHostByService
 .text._sl_HandleAsync_DnsGetHostByAddr
                0x0000000000004508       0x18 ./simplelink/source/netapp.o
                0x0000000000004508                _sl_HandleAsync_DnsGetHostByAddr
 .text.sl_NetAppDnsGetHostByName
                0x0000000000004520      0x158 ./simplelink/source/netapp.o
                0x0000000000004520                sl_NetAppDnsGetHostByName
 .text._sl_HandleAsync_DnsGetHostByName
                0x0000000000004678       0xb8 ./simplelink/source/netapp.o
                0x0000000000004678                _sl_HandleAsync_DnsGetHostByName
 .text.CopyPingResultsToReport
                0x0000000000004730       0x44 ./simplelink/source/netapp.o
 .text._sl_HandleAsync_PingResponse
                0x0000000000004774       0xb4 ./simplelink/source/netapp.o
                0x0000000000004774                _sl_HandleAsync_PingResponse
 .text.sl_NetAppPingStart
                0x0000000000004828      0x1ec ./simplelink/source/netapp.o
                0x0000000000004828                sl_NetAppPingStart
 .text.sl_NetAppSet
                0x0000000000004a14       0x8c ./simplelink/source/netapp.o
                0x0000000000004a14                sl_NetAppSet
 .text.sl_NetAppGet
                0x0000000000004aa0       0xb0 ./simplelink/source/netapp.o
                0x0000000000004aa0                sl_NetAppGet
 .text._SlDrvNetAppEventHandler
                0x0000000000004b50       0x6c ./simplelink/source/netapp.o
                0x0000000000004b50                _SlDrvNetAppEventHandler
 .text.sl_NetCfgSet
                0x0000000000004bbc       0x8c ./simplelink/source/netcfg.o
                0x0000000000004bbc                sl_NetCfgSet
 .text.sl_NetCfgGet
                0x0000000000004c48       0xd4 ./simplelink/source/netcfg.o
                0x0000000000004c48                sl_NetCfgGet
 .text._SlNonOsSemSet
                0x0000000000004d1c       0x24 ./simplelink/source/nonos.o
                0x0000000000004d1c                _SlNonOsSemSet
 .text._SlNonOsSemGet
                0x0000000000004d40       0x7c ./simplelink/source/nonos.o
                0x0000000000004d40                _SlNonOsSemGet
 .text._SlNonOsSpawn
                0x0000000000004dbc       0x6c ./simplelink/source/nonos.o
                0x0000000000004dbc                _SlNonOsSpawn
 .text._SlNonOsMainLoopTask
                0x0000000000004e28       0x70 ./simplelink/source/nonos.o
                0x0000000000004e28                _SlNonOsMainLoopTask
 .text._sl_BuildAddress
                0x0000000000004e98       0x58 ./simplelink/source/socket.o
 .text._sl_TruncatePayloadByProtocol
                0x0000000000004ef0       0x44 ./simplelink/source/socket.o
 .text._sl_ParseAddress
                0x0000000000004f34       0x64 ./simplelink/source/socket.o
                0x0000000000004f34                _sl_ParseAddress
 .text.sl_Socket
                0x0000000000004f98       0x74 ./simplelink/source/socket.o
                0x0000000000004f98                sl_Socket
 .text.sl_Close
                0x000000000000500c       0x54 ./simplelink/source/socket.o
                0x000000000000500c                sl_Close
 .text.sl_Bind  0x0000000000005060       0xa0 ./simplelink/source/socket.o
                0x0000000000005060                sl_Bind
 .text.sl_SendTo
                0x0000000000005100      0x130 ./simplelink/source/socket.o
                0x0000000000005100                sl_SendTo
 .text.sl_RecvFrom
                0x0000000000005230      0x12c ./simplelink/source/socket.o
                0x0000000000005230                sl_RecvFrom
 .text.sl_Connect
                0x000000000000535c      0x180 ./simplelink/source/socket.o
                0x000000000000535c                sl_Connect
 .text._sl_HandleAsync_Connect
                0x00000000000054dc       0x9c ./simplelink/source/socket.o
                0x00000000000054dc                _sl_HandleAsync_Connect
 .text.sl_Send  0x0000000000005578      0x120 ./simplelink/source/socket.o
                0x0000000000005578                sl_Send
 .text.sl_Listen
                0x0000000000005698       0x60 ./simplelink/source/socket.o
                0x0000000000005698                sl_Listen
 .text.sl_Accept
                0x00000000000056f8      0x1b4 ./simplelink/source/socket.o
                0x00000000000056f8                sl_Accept
 .text.sl_Htonl
                0x00000000000058ac       0x50 ./simplelink/source/socket.o
                0x00000000000058ac                sl_Htonl
 .text.sl_Htons
                0x00000000000058fc       0x44 ./simplelink/source/socket.o
                0x00000000000058fc                sl_Htons
 .text._sl_HandleAsync_Accept
                0x0000000000005940       0x80 ./simplelink/source/socket.o
                0x0000000000005940                _sl_HandleAsync_Accept
 .text._sl_HandleAsync_Select
                0x00000000000059c0       0x6c ./simplelink/source/socket.o
                0x00000000000059c0                _sl_HandleAsync_Select
 .text.sl_Recv  0x0000000000005a2c       0x94 ./simplelink/source/socket.o
                0x0000000000005a2c                sl_Recv
 .text.sl_SetSockOpt
                0x0000000000005ac0       0x8c ./simplelink/source/socket.o
                0x0000000000005ac0                sl_SetSockOpt
 .text.sl_GetSockOpt
                0x0000000000005b4c       0xc8 ./simplelink/source/socket.o
                0x0000000000005b4c                sl_GetSockOpt
 .text.sl_Select
                0x0000000000005c14      0x168 ./simplelink/source/socket.o
                0x0000000000005c14                sl_Select
 .text.SL_FD_SET
                0x0000000000005d7c       0x2c ./simplelink/source/socket.o
                0x0000000000005d7c                SL_FD_SET
 .text.SL_FD_CLR
                0x0000000000005da8       0x30 ./simplelink/source/socket.o
                0x0000000000005da8                SL_FD_CLR
 .text.SL_FD_ISSET
                0x0000000000005dd8       0x38 ./simplelink/source/socket.o
                0x0000000000005dd8                SL_FD_ISSET
 .text.SL_FD_ZERO
                0x0000000000005e10       0x18 ./simplelink/source/socket.o
                0x0000000000005e10                SL_FD_ZERO
 .text.sl_WlanConnect
                0x0000000000005e28      0x2c8 ./simplelink/source/wlan.o
                0x0000000000005e28                sl_WlanConnect
 .text.sl_WlanDisconnect
                0x00000000000060f0       0x28 ./simplelink/source/wlan.o
                0x00000000000060f0                sl_WlanDisconnect
 .text.sl_WlanPolicySet
                0x0000000000006118       0x7c ./simplelink/source/wlan.o
                0x0000000000006118                sl_WlanPolicySet
 .text.sl_WlanPolicyGet
                0x0000000000006194       0xc0 ./simplelink/source/wlan.o
                0x0000000000006194                sl_WlanPolicyGet
 .text.sl_WlanProfileAdd
                0x0000000000006254      0x304 ./simplelink/source/wlan.o
                0x0000000000006254                sl_WlanProfileAdd
 .text.sl_WlanProfileGet
                0x0000000000006558      0x144 ./simplelink/source/wlan.o
                0x0000000000006558                sl_WlanProfileGet
 .text.sl_WlanProfileDel
                0x000000000000669c       0x54 ./simplelink/source/wlan.o
                0x000000000000669c                sl_WlanProfileDel
 .text.sl_WlanGetNetworkList
                0x00000000000066f0       0x98 ./simplelink/source/wlan.o
                0x00000000000066f0                sl_WlanGetNetworkList
 .text.sl_WlanRxFilterAdd
                0x0000000000006788       0x98 ./simplelink/source/wlan.o
                0x0000000000006788                sl_WlanRxFilterAdd
 .text.sl_WlanRxFilterSet
                0x0000000000006820       0x74 ./simplelink/source/wlan.o
                0x0000000000006820                sl_WlanRxFilterSet
 .text.sl_WlanRxFilterGet
                0x0000000000006894       0x90 ./simplelink/source/wlan.o
                0x0000000000006894                sl_WlanRxFilterGet
 .text.sl_WlanRxStatStart
                0x0000000000006924       0x28 ./simplelink/source/wlan.o
                0x0000000000006924                sl_WlanRxStatStart
 .text.sl_WlanRxStatStop
                0x000000000000694c       0x28 ./simplelink/source/wlan.o
                0x000000000000694c                sl_WlanRxStatStop
 .text.sl_WlanRxStatGet
                0x0000000000006974       0x60 ./simplelink/source/wlan.o
                0x0000000000006974                sl_WlanRxStatGet
 .text.sl_WlanSmartConfigStop
                0x00000000000069d4       0x28 ./simplelink/source/wlan.o
                0x00000000000069d4                sl_WlanSmartConfigStop
 .text.sl_WlanSmartConfigStart
                0x00000000000069fc       0xc8 ./simplelink/source/wlan.o
                0x00000000000069fc                sl_WlanSmartConfigStart
 .text.sl_WlanSetMode
                0x0000000000006ac4       0x50 ./simplelink/source/wlan.o
                0x0000000000006ac4                sl_WlanSetMode
 .text.sl_WlanSet
                0x0000000000006b14       0x84 ./simplelink/source/wlan.o
                0x0000000000006b14                sl_WlanSet
 .text.sl_WlanGet
                0x0000000000006b98       0xc8 ./simplelink/source/wlan.o
                0x0000000000006b98                sl_WlanGet
 .text.exit     0x0000000000006c60       0x20 /Applications/ti/ccsv6/tools/compiler/gcc-arm-none-eabi-4_9-2015q3/bin/../lib/gcc/arm-none-eabi/4.9.3/../../../../arm-none-eabi/lib/armv7e-m/fpu/libg.a(lib_a-exit.o)
                0x0000000000006c60                exit
 .text.__libc_init_array
                0x0000000000006c80       0x50 /Applications/ti/ccsv6/tools/compiler/gcc-arm-none-eabi-4_9-2015q3/bin/../lib/gcc/arm-none-eabi/4.9.3/../../../../arm-none-eabi/lib/armv7e-m/fpu/libg.a(lib_a-init.o)
                0x0000000000006c80                __libc_init_array
 .text.memset   0x0000000000006cd0       0x9c /Applications/ti/ccsv6/tools/compiler/gcc-arm-none-eabi-4_9-2015q3/bin/../lib/gcc/arm-none-eabi/4.9.3/../../../../arm-none-eabi/lib/armv7e-m/fpu/libg.a(lib_a-memset.o)
                0x0000000000006cd0                memset
 .text.startup.register_fini
                0x0000000000006d6c       0x14 /Applications/ti/ccsv6/tools/compiler/gcc-arm-none-eabi-4_9-2015q3/bin/../lib/gcc/arm-none-eabi/4.9.3/../../../../arm-none-eabi/lib/armv7e-m/fpu/libg.a(lib_a-__call_atexit.o)
 .text.__call_exitprocs
                0x0000000000006d80       0xd4 /Applications/ti/ccsv6/tools/compiler/gcc-arm-none-eabi-4_9-2015q3/bin/../lib/gcc/arm-none-eabi/4.9.3/../../../../arm-none-eabi/lib/armv7e-m/fpu/libg.a(lib_a-__call_atexit.o)
                0x0000000000006d80                __call_exitprocs
 .text.atexit   0x0000000000006e54        0xc /Applications/ti/ccsv6/tools/compiler/gcc-arm-none-eabi-4_9-2015q3/bin/../lib/gcc/arm-none-eabi/4.9.3/../../../../arm-none-eabi/lib/armv7e-m/fpu/libg.a(lib_a-atexit.o)
                0x0000000000006e54                atexit
 .text.__libc_fini_array
                0x0000000000006e60       0x2c /Applications/ti/ccsv6/tools/compiler/gcc-arm-none-eabi-4_9-2015q3/bin/../lib/gcc/arm-none-eabi/4.9.3/../../../../arm-none-eabi/lib/armv7e-m/fpu/libg.a(lib_a-fini.o)
                0x0000000000006e60                __libc_fini_array
 .text.__register_exitproc
                0x0000000000006e8c       0xa4 /Applications/ti/ccsv6/tools/compiler/gcc-arm-none-eabi-4_9-2015q3/bin/../lib/gcc/arm-none-eabi/4.9.3/../../../../arm-none-eabi/lib/armv7e-m/fpu/libg.a(lib_a-__atexit.o)
                0x0000000000006e8c                __register_exitproc
 .text._exit    0x0000000000006f30        0x4 /Applications/ti/ccsv6/tools/compiler/gcc-arm-none-eabi-4_9-2015q3/bin/../lib/gcc/arm-none-eabi/4.9.3/../../../../arm-none-eabi/lib/armv7e-m/fpu/libnosys.a(_exit.o)
                0x0000000000006f30                _exit
                0x0000000000006f34                . = ALIGN (0x4)
 *(.ctors)
                0x0000000000006f34                . = ALIGN (0x4)
 *(.dtors)
                0x0000000000006f34                . = ALIGN (0x4)
                0x0000000000006f34                __init_array_start = .
 *(.init_array*)
 .init_array    0x0000000000006f34        0x4 /Applications/ti/ccsv6/tools/compiler/gcc-arm-none-eabi-4_9-2015q3/bin/../lib/gcc/arm-none-eabi/4.9.3/armv7e-m/fpu/crtbegin.o
 .init_array.00000
                0x0000000000006f38        0x4 /Applications/ti/ccsv6/tools/compiler/gcc-arm-none-eabi-4_9-2015q3/bin/../lib/gcc/arm-none-eabi/4.9.3/../../../../arm-none-eabi/lib/armv7e-m/fpu/libg.a(lib_a-__call_atexit.o)
                0x0000000000006f3c                __init_array_end = .
 *(.init)
 .init          0x0000000000006f3c        0x4 /Applications/ti/ccsv6/tools/compiler/gcc-arm-none-eabi-4_9-2015q3/bin/../lib/gcc/arm-none-eabi/4.9.3/armv7e-m/fpu/crti.o
                0x0000000000006f3c                _init
 .init          0x0000000000006f40        0x8 /Applications/ti/ccsv6/tools/compiler/gcc-arm-none-eabi-4_9-2015q3/bin/../lib/gcc/arm-none-eabi/4.9.3/armv7e-m/fpu/crtn.o
 *(.fini*)
 .fini          0x0000000000006f48        0x4 /Applications/ti/ccsv6/tools/compiler/gcc-arm-none-eabi-4_9-2015q3/bin/../lib/gcc/arm-none-eabi/4.9.3/armv7e-m/fpu/crti.o
                0x0000000000006f48                _fini
 .fini_array    0x0000000000006f4c        0x4 /Applications/ti/ccsv6/tools/compiler/gcc-arm-none-eabi-4_9-2015q3/bin/../lib/gcc/arm-none-eabi/4.9.3/armv7e-m/fpu/crtbegin.o
 .fini          0x0000000000006f50        0x8 /Applications/ti/ccsv6/tools/compiler/gcc-arm-none-eabi-4_9-2015q3/bin/../lib/gcc/arm-none-eabi/4.9.3/armv7e-m/fpu/crtn.o
                0x0000000000006f58                PROVIDE (__etext, .)
                0x0000000000006f58                PROVIDE (_etext, .)
                0x0000000000006f58                PROVIDE (etext, .)

.glue_7         0x0000000000006f58        0x0
 .glue_7        0x0000000000000000        0x0 linker stubs

.glue_7t        0x0000000000006f58        0x0
 .glue_7t       0x0000000000000000        0x0 linker stubs

.vfp11_veneer   0x0000000000006f58        0x0
 .vfp11_veneer  0x0000000000000000        0x0 linker stubs

.v4_bx          0x0000000000006f58        0x0
 .v4_bx         0x0000000000000000        0x0 linker stubs

.iplt           0x0000000000006f58        0x0
 .iplt          0x0000000000000000        0x0 /Applications/ti/ccsv6/tools/compiler/gcc-arm-none-eabi-4_9-2015q3/bin/../lib/gcc/arm-none-eabi/4.9.3/armv7e-m/fpu/crtbegin.o

.rodata         0x0000000000006f58      0x18c
 *(.rodata)
 .rodata        0x0000000000006f58       0x14 ./simplelink/source/fs.o
 .rodata        0x0000000000006f6c        0x4 ./simplelink/source/netapp.o
 .rodata        0x0000000000006f70        0x4 ./simplelink/source/wlan.o
 *(.rodata*)
 .rodata.StartResponseLUT
                0x0000000000006f74        0x8 ./simplelink/source/device.o
 .rodata._SlStopCmdCtrl
                0x0000000000006f7c        0x4 ./simplelink/source/device.o
 .rodata._SlEventMaskSetCmdCtrl
                0x0000000000006f80        0x4 ./simplelink/source/device.o
 .rodata._SlEventMaskGetCmdCtrl
                0x0000000000006f84        0x4 ./simplelink/source/device.o
 .rodata._SlDeviceGetCmdCtrl
                0x0000000000006f88        0x4 ./simplelink/source/device.o
 .rodata._SlDeviceSetCmdCtrl
                0x0000000000006f8c        0x4 ./simplelink/source/device.o
 .rodata.g_H2NSyncPattern
                0x0000000000006f90        0x8 ./simplelink/source/driver.o
 .rodata.g_H2NCnysPattern
                0x0000000000006f98        0x8 ./simplelink/source/driver.o
 .rodata._SlActionLookupTable
                0x0000000000006fa0       0x38 ./simplelink/source/driver.o
                0x0000000000006fa0                _SlActionLookupTable
 .rodata.OpcodeTranslateTable
                0x0000000000006fd8       0x3c ./simplelink/source/driver.o
                0x0000000000006fd8                OpcodeTranslateTable
 .rodata.RxMsgClassLUT
                0x0000000000007014       0x20 ./simplelink/source/driver.o
 .rodata._SlFsOpenCmdCtrl
                0x0000000000007034        0x4 ./simplelink/source/fs.o
 .rodata._SlFsCloseCmdCtrl
                0x0000000000007038        0x4 ./simplelink/source/fs.o
 .rodata._SlFsReadCmdCtrl
                0x000000000000703c        0x4 ./simplelink/source/fs.o
 .rodata._SlFsWriteCmdCtrl
                0x0000000000007040        0x4 ./simplelink/source/fs.o
 .rodata._SlFsGetInfoCmdCtrl
                0x0000000000007044        0x4 ./simplelink/source/fs.o
 .rodata._SlFsDeleteCmdCtrl
                0x0000000000007048        0x4 ./simplelink/source/fs.o
 .rodata._SlNetAppStartCtrl
                0x000000000000704c        0x4 ./simplelink/source/netapp.o
 .rodata._SlNetAppStopCtrl
                0x0000000000007050        0x4 ./simplelink/source/netapp.o
 .rodata._SlGetServiceListeCtrl
                0x0000000000007054        0x4 ./simplelink/source/netapp.o
 .rodata._SlRegisterServiceCtrl
                0x0000000000007058        0x4 ./simplelink/source/netapp.o
 .rodata._SlGetHostByServiceCtrl
                0x000000000000705c        0x4 ./simplelink/source/netapp.o
 .rodata._SlGetHostByNameCtrl
                0x0000000000007060        0x4 ./simplelink/source/netapp.o
 .rodata._SlNetAppSetCmdCtrl
                0x0000000000007064        0x4 ./simplelink/source/netapp.o
 .rodata._SlNetAppGetCmdCtrl
                0x0000000000007068        0x4 ./simplelink/source/netapp.o
 .rodata._SlNetCfgSetCmdCtrl
                0x000000000000706c        0x4 ./simplelink/source/netcfg.o
 .rodata._SlNetCfgGetCmdCtrl
                0x0000000000007070        0x4 ./simplelink/source/netcfg.o
 .rodata._SlPayloadByProtocolLUT
                0x0000000000007074       0x10 ./simplelink/source/socket.o
 .rodata._SlSockSocketCmdCtrl
                0x0000000000007084        0x4 ./simplelink/source/socket.o
 .rodata._SlSockCloseCmdCtrl
                0x0000000000007088        0x4 ./simplelink/source/socket.o
 .rodata._SlRecvfomCmdCtrl
                0x000000000000708c        0x4 ./simplelink/source/socket.o
 .rodata._SlSendCmdCtrl
                0x0000000000007090        0x4 ./simplelink/source/socket.o
 .rodata._SlListenCmdCtrl
                0x0000000000007094        0x4 ./simplelink/source/socket.o
 .rodata._SlAcceptCmdCtrl
                0x0000000000007098        0x4 ./simplelink/source/socket.o
 .rodata._SlRecvCmdCtrl
                0x000000000000709c        0x4 ./simplelink/source/socket.o
 .rodata._SlSetSockOptCmdCtrl
                0x00000000000070a0        0x4 ./simplelink/source/socket.o
 .rodata._SlGetSockOptCmdCtrl
                0x00000000000070a4        0x4 ./simplelink/source/socket.o
 .rodata._SlSelectCmdCtrl
                0x00000000000070a8        0x4 ./simplelink/source/socket.o
 .rodata._SlPolicySetCmdCtrl
                0x00000000000070ac        0x4 ./simplelink/source/wlan.o
 .rodata._SlPolicyGetCmdCtrl
                0x00000000000070b0        0x4 ./simplelink/source/wlan.o
 .rodata._SlProfileGetCmdCtrl
                0x00000000000070b4        0x4 ./simplelink/source/wlan.o
 .rodata._SlProfileDelCmdCtrl
                0x00000000000070b8        0x4 ./simplelink/source/wlan.o
 .rodata._SlWlanGetNetworkListCtrl
                0x00000000000070bc        0x4 ./simplelink/source/wlan.o
 .rodata._SlRxFilterAddtCmdCtrl
                0x00000000000070c0        0x4 ./simplelink/source/wlan.o
 .rodata._SlRxFilterSetCmdCtrl
                0x00000000000070c4        0x4 ./simplelink/source/wlan.o
 .rodata._SlRxFilterGetCmdCtrl
                0x00000000000070c8        0x4 ./simplelink/source/wlan.o
 .rodata._SlSmartConfigStartCmdCtrl
                0x00000000000070cc        0x4 ./simplelink/source/wlan.o
 .rodata._SlWlanSetModeCmdCtrl
                0x00000000000070d0        0x4 ./simplelink/source/wlan.o
 .rodata._SlWlanCfgSetCmdCtrl
                0x00000000000070d4        0x4 ./simplelink/source/wlan.o
 .rodata._SlWlanCfgGetCmdCtrl
                0x00000000000070d8        0x4 ./simplelink/source/wlan.o
 .rodata.str1.4
                0x00000000000070dc        0x4 /Applications/ti/ccsv6/tools/compiler/gcc-arm-none-eabi-4_9-2015q3/bin/../lib/gcc/arm-none-eabi/4.9.3/../../../../arm-none-eabi/lib/armv7e-m/fpu/libg.a(lib_a-impure.o)
                                          0x2 (size before relaxing)
 .rodata._global_impure_ptr
                0x00000000000070e0        0x4 /Applications/ti/ccsv6/tools/compiler/gcc-arm-none-eabi-4_9-2015q3/bin/../lib/gcc/arm-none-eabi/4.9.3/../../../../arm-none-eabi/lib/armv7e-m/fpu/libg.a(lib_a-impure.o)
                0x00000000000070e0                _global_impure_ptr

.eh_frame       0x00000000000070e4        0x4
 .eh_frame      0x00000000000070e4        0x0 /Applications/ti/ccsv6/tools/compiler/gcc-arm-none-eabi-4_9-2015q3/bin/../lib/gcc/arm-none-eabi/4.9.3/armv7e-m/fpu/crtbegin.o
 .eh_frame      0x00000000000070e4        0x4 /Applications/ti/ccsv6/tools/compiler/gcc-arm-none-eabi-4_9-2015q3/bin/../lib/gcc/arm-none-eabi/4.9.3/armv7e-m/fpu/crtend.o

.data           0x0000000020000268      0x43c load address 0x00000000000070e8
                0x00000000000070e8                __data_load__ = LOADADDR (.data)
                0x0000000020000268                __data_start__ = .
 *(.data)
 .data          0x0000000020000268        0x0 /Applications/ti/ccsv6/tools/compiler/gcc-arm-none-eabi-4_9-2015q3/bin/../lib/gcc/arm-none-eabi/4.9.3/armv7e-m/fpu/crti.o
 .data          0x0000000020000268        0x4 /Applications/ti/ccsv6/tools/compiler/gcc-arm-none-eabi-4_9-2015q3/bin/../lib/gcc/arm-none-eabi/4.9.3/armv7e-m/fpu/crtbegin.o
                0x0000000020000268                __dso_handle
 .data          0x000000002000026c        0x0 /Applications/ti/ccsv6/tools/compiler/gcc-arm-none-eabi-4_9-2015q3/bin/../lib/gcc/arm-none-eabi/4.9.3/../../../../arm-none-eabi/lib/armv7e-m/fpu/crt0.o
 .data          0x000000002000026c        0x0 ./main.o
 .data          0x000000002000026c        0x0 ./tm4c123gh6pm_startup_ccs_gcc.o
 .data          0x000000002000026c        0x0 ./ERRH/ERRH.o
 .data          0x000000002000026c        0x0 ./HAL/SPID.o
 .data          0x000000002000026c        0x0 ./HAL/SRHL.o
 .data          0x000000002000026c        0x0 ./HAL/TIMD.o
 .data          0x000000002000026c        0x0 ./HAL/board.o
 .data          0x000000002000026c        0x0 ./HAL/uDMA.o
 .data          0x000000002000026c        0x0 ./cmsis/cmsis_nvic.o
 .data          0x000000002000026c        0x0 ./cmsis/system_LM4F.o
 .data          0x000000002000026c        0x0 ./simplelink/source/device.o
 .data          0x000000002000026c        0x0 ./simplelink/source/driver.o
 .data          0x000000002000026c        0x0 ./simplelink/source/flowcont.o
 .data          0x000000002000026c        0x0 ./simplelink/source/fs.o
 .data          0x000000002000026c        0x0 ./simplelink/source/netapp.o
 .data          0x000000002000026c        0x0 ./simplelink/source/netcfg.o
 .data          0x000000002000026c        0x0 ./simplelink/source/nonos.o
 .data          0x000000002000026c        0x0 ./simplelink/source/socket.o
 .data          0x000000002000026c        0x0 ./simplelink/source/spawn.o
 .data          0x000000002000026c        0x0 ./simplelink/source/wlan.o
 .data          0x000000002000026c        0x0 /Applications/ti/ccsv6/tools/compiler/gcc-arm-none-eabi-4_9-2015q3/bin/../lib/gcc/arm-none-eabi/4.9.3/../../../../arm-none-eabi/lib/armv7e-m/fpu/libg.a(lib_a-exit.o)
 .data          0x000000002000026c        0x0 /Applications/ti/ccsv6/tools/compiler/gcc-arm-none-eabi-4_9-2015q3/bin/../lib/gcc/arm-none-eabi/4.9.3/../../../../arm-none-eabi/lib/armv7e-m/fpu/libg.a(lib_a-impure.o)
 .data          0x000000002000026c        0x0 /Applications/ti/ccsv6/tools/compiler/gcc-arm-none-eabi-4_9-2015q3/bin/../lib/gcc/arm-none-eabi/4.9.3/../../../../arm-none-eabi/lib/armv7e-m/fpu/libg.a(lib_a-init.o)
 .data          0x000000002000026c        0x0 /Applications/ti/ccsv6/tools/compiler/gcc-arm-none-eabi-4_9-2015q3/bin/../lib/gcc/arm-none-eabi/4.9.3/../../../../arm-none-eabi/lib/armv7e-m/fpu/libg.a(lib_a-memcpy.o)
 .data          0x000000002000026c        0x0 /Applications/ti/ccsv6/tools/compiler/gcc-arm-none-eabi-4_9-2015q3/bin/../lib/gcc/arm-none-eabi/4.9.3/../../../../arm-none-eabi/lib/armv7e-m/fpu/libg.a(lib_a-memset.o)
 .data          0x000000002000026c        0x0 /Applications/ti/ccsv6/tools/compiler/gcc-arm-none-eabi-4_9-2015q3/bin/../lib/gcc/arm-none-eabi/4.9.3/../../../../arm-none-eabi/lib/armv7e-m/fpu/libg.a(lib_a-__call_atexit.o)
 .data          0x000000002000026c        0x0 /Applications/ti/ccsv6/tools/compiler/gcc-arm-none-eabi-4_9-2015q3/bin/../lib/gcc/arm-none-eabi/4.9.3/../../../../arm-none-eabi/lib/armv7e-m/fpu/libg.a(lib_a-atexit.o)
 .data          0x000000002000026c        0x0 /Applications/ti/ccsv6/tools/compiler/gcc-arm-none-eabi-4_9-2015q3/bin/../lib/gcc/arm-none-eabi/4.9.3/../../../../arm-none-eabi/lib/armv7e-m/fpu/libg.a(lib_a-fini.o)
 .data          0x000000002000026c        0x0 /Applications/ti/ccsv6/tools/compiler/gcc-arm-none-eabi-4_9-2015q3/bin/../lib/gcc/arm-none-eabi/4.9.3/../../../../arm-none-eabi/lib/armv7e-m/fpu/libg.a(lib_a-__atexit.o)
 .data          0x000000002000026c        0x0 /Applications/ti/ccsv6/tools/compiler/gcc-arm-none-eabi-4_9-2015q3/bin/../lib/gcc/arm-none-eabi/4.9.3/../../../../arm-none-eabi/lib/armv7e-m/fpu/libnosys.a(_exit.o)
 .data          0x000000002000026c        0x0 /Applications/ti/ccsv6/tools/compiler/gcc-arm-none-eabi-4_9-2015q3/bin/../lib/gcc/arm-none-eabi/4.9.3/armv7e-m/fpu/crtend.o
 .data          0x000000002000026c        0x0 /Applications/ti/ccsv6/tools/compiler/gcc-arm-none-eabi-4_9-2015q3/bin/../lib/gcc/arm-none-eabi/4.9.3/armv7e-m/fpu/crtn.o
 *(.data*)
 .data.first_entry.5709
                0x000000002000026c        0x1 ./HAL/SPID.o
 .data.tx_transfer_size
                0x000000002000026d        0x1 ./HAL/uDMA.o
 .data.rx_transfer_size
                0x000000002000026e        0x1 ./HAL/uDMA.o
 *fill*         0x000000002000026f        0x1 
 .data.SystemCoreClock
                0x0000000020000270        0x4 ./cmsis/system_LM4F.o
                0x0000000020000270                SystemCoreClock
 *fill*         0x0000000020000274        0x4 
 .data.impure_data
                0x0000000020000278      0x428 /Applications/ti/ccsv6/tools/compiler/gcc-arm-none-eabi-4_9-2015q3/bin/../lib/gcc/arm-none-eabi/4.9.3/../../../../arm-none-eabi/lib/armv7e-m/fpu/libg.a(lib_a-impure.o)
 .data._impure_ptr
                0x00000000200006a0        0x4 /Applications/ti/ccsv6/tools/compiler/gcc-arm-none-eabi-4_9-2015q3/bin/../lib/gcc/arm-none-eabi/4.9.3/../../../../arm-none-eabi/lib/armv7e-m/fpu/libg.a(lib_a-impure.o)
                0x00000000200006a0                _impure_ptr
                0x00000000200006a4                . = ALIGN (0x4)
                0x00000000200006a4                __data_end__ = .

.jcr            0x00000000200006a4        0x4 load address 0x0000000000007524
 .jcr           0x00000000200006a4        0x0 /Applications/ti/ccsv6/tools/compiler/gcc-arm-none-eabi-4_9-2015q3/bin/../lib/gcc/arm-none-eabi/4.9.3/armv7e-m/fpu/crtbegin.o
 .jcr           0x00000000200006a4        0x4 /Applications/ti/ccsv6/tools/compiler/gcc-arm-none-eabi-4_9-2015q3/bin/../lib/gcc/arm-none-eabi/4.9.3/armv7e-m/fpu/crtend.o

.igot.plt       0x00000000200006a8        0x0 load address 0x0000000000007528
 .igot.plt      0x0000000000000000        0x0 /Applications/ti/ccsv6/tools/compiler/gcc-arm-none-eabi-4_9-2015q3/bin/../lib/gcc/arm-none-eabi/4.9.3/armv7e-m/fpu/crtbegin.o

.ARM.exidx      0x0000000000007528        0x8
                0x0000000000007528                __exidx_start = .
 *(.ARM.exidx* .gnu.linkonce.armexidx.*)
 .ARM.exidx     0x0000000000007528        0x8 /Applications/ti/ccsv6/tools/compiler/gcc-arm-none-eabi-4_9-2015q3/bin/../lib/gcc/arm-none-eabi/4.9.3/../../../../arm-none-eabi/lib/armv7e-m/fpu/crt0.o
                0x0000000000007530                __exidx_end = .

.ARM.extab      0x0000000000007530        0x0
 *(.ARM.extab* .gnu.linkonce.armextab.*)
 .ARM.extab     0x0000000000007530        0x0 /Applications/ti/ccsv6/tools/compiler/gcc-arm-none-eabi-4_9-2015q3/bin/../lib/gcc/arm-none-eabi/4.9.3/../../../../arm-none-eabi/lib/armv7e-m/fpu/crt0.o

.rel.dyn        0x0000000000007530        0x0
 .rel.iplt      0x0000000000000000        0x0 /Applications/ti/ccsv6/tools/compiler/gcc-arm-none-eabi-4_9-2015q3/bin/../lib/gcc/arm-none-eabi/4.9.3/armv7e-m/fpu/crtbegin.o

.bss            0x0000000020000800      0x9ec
                0x0000000020000800                __bss_start__ = .
 *(.shbss)
 *(.bss)
 .bss           0x0000000020000800        0x0 /Applications/ti/ccsv6/tools/compiler/gcc-arm-none-eabi-4_9-2015q3/bin/../lib/gcc/arm-none-eabi/4.9.3/armv7e-m/fpu/crti.o
 .bss           0x0000000020000800       0x1c /Applications/ti/ccsv6/tools/compiler/gcc-arm-none-eabi-4_9-2015q3/bin/../lib/gcc/arm-none-eabi/4.9.3/armv7e-m/fpu/crtbegin.o
 .bss           0x000000002000081c        0x0 /Applications/ti/ccsv6/tools/compiler/gcc-arm-none-eabi-4_9-2015q3/bin/../lib/gcc/arm-none-eabi/4.9.3/../../../../arm-none-eabi/lib/armv7e-m/fpu/crt0.o
 .bss           0x000000002000081c        0x0 ./main.o
 .bss           0x000000002000081c        0x0 ./tm4c123gh6pm_startup_ccs_gcc.o
 .bss           0x000000002000081c        0x0 ./ERRH/ERRH.o
 .bss           0x000000002000081c        0x0 ./HAL/SPID.o
 .bss           0x000000002000081c        0x0 ./HAL/SRHL.o
 .bss           0x000000002000081c        0x0 ./HAL/TIMD.o
 .bss           0x000000002000081c        0x0 ./HAL/board.o
 .bss           0x000000002000081c        0x0 ./HAL/uDMA.o
 .bss           0x000000002000081c        0x0 ./cmsis/cmsis_nvic.o
 .bss           0x000000002000081c        0x0 ./cmsis/system_LM4F.o
 .bss           0x000000002000081c        0x0 ./simplelink/source/device.o
 .bss           0x000000002000081c        0x0 ./simplelink/source/driver.o
 .bss           0x000000002000081c        0x0 ./simplelink/source/flowcont.o
 .bss           0x000000002000081c        0x0 ./simplelink/source/fs.o
 .bss           0x000000002000081c        0x0 ./simplelink/source/netapp.o
 .bss           0x000000002000081c        0x0 ./simplelink/source/netcfg.o
 .bss           0x000000002000081c        0x0 ./simplelink/source/nonos.o
 .bss           0x000000002000081c        0x0 ./simplelink/source/socket.o
 .bss           0x000000002000081c        0x0 ./simplelink/source/spawn.o
 .bss           0x000000002000081c        0x0 ./simplelink/source/wlan.o
 .bss           0x000000002000081c        0x0 /Applications/ti/ccsv6/tools/compiler/gcc-arm-none-eabi-4_9-2015q3/bin/../lib/gcc/arm-none-eabi/4.9.3/../../../../arm-none-eabi/lib/armv7e-m/fpu/libg.a(lib_a-exit.o)
 .bss           0x000000002000081c        0x0 /Applications/ti/ccsv6/tools/compiler/gcc-arm-none-eabi-4_9-2015q3/bin/../lib/gcc/arm-none-eabi/4.9.3/../../../../arm-none-eabi/lib/armv7e-m/fpu/libg.a(lib_a-impure.o)
 .bss           0x000000002000081c        0x0 /Applications/ti/ccsv6/tools/compiler/gcc-arm-none-eabi-4_9-2015q3/bin/../lib/gcc/arm-none-eabi/4.9.3/../../../../arm-none-eabi/lib/armv7e-m/fpu/libg.a(lib_a-init.o)
 .bss           0x000000002000081c        0x0 /Applications/ti/ccsv6/tools/compiler/gcc-arm-none-eabi-4_9-2015q3/bin/../lib/gcc/arm-none-eabi/4.9.3/../../../../arm-none-eabi/lib/armv7e-m/fpu/libg.a(lib_a-memcpy.o)
 .bss           0x000000002000081c        0x0 /Applications/ti/ccsv6/tools/compiler/gcc-arm-none-eabi-4_9-2015q3/bin/../lib/gcc/arm-none-eabi/4.9.3/../../../../arm-none-eabi/lib/armv7e-m/fpu/libg.a(lib_a-memset.o)
 .bss           0x000000002000081c        0x0 /Applications/ti/ccsv6/tools/compiler/gcc-arm-none-eabi-4_9-2015q3/bin/../lib/gcc/arm-none-eabi/4.9.3/../../../../arm-none-eabi/lib/armv7e-m/fpu/libg.a(lib_a-__call_atexit.o)
 .bss           0x000000002000081c        0x0 /Applications/ti/ccsv6/tools/compiler/gcc-arm-none-eabi-4_9-2015q3/bin/../lib/gcc/arm-none-eabi/4.9.3/../../../../arm-none-eabi/lib/armv7e-m/fpu/libg.a(lib_a-atexit.o)
 .bss           0x000000002000081c        0x0 /Applications/ti/ccsv6/tools/compiler/gcc-arm-none-eabi-4_9-2015q3/bin/../lib/gcc/arm-none-eabi/4.9.3/../../../../arm-none-eabi/lib/armv7e-m/fpu/libg.a(lib_a-fini.o)
 .bss           0x000000002000081c        0x0 /Applications/ti/ccsv6/tools/compiler/gcc-arm-none-eabi-4_9-2015q3/bin/../lib/gcc/arm-none-eabi/4.9.3/../../../../arm-none-eabi/lib/armv7e-m/fpu/libg.a(lib_a-__atexit.o)
 .bss           0x000000002000081c        0x0 /Applications/ti/ccsv6/tools/compiler/gcc-arm-none-eabi-4_9-2015q3/bin/../lib/gcc/arm-none-eabi/4.9.3/../../../../arm-none-eabi/lib/armv7e-m/fpu/libnosys.a(_exit.o)
 .bss           0x000000002000081c        0x0 /Applications/ti/ccsv6/tools/compiler/gcc-arm-none-eabi-4_9-2015q3/bin/../lib/gcc/arm-none-eabi/4.9.3/armv7e-m/fpu/crtend.o
 .bss           0x000000002000081c        0x0 /Applications/ti/ccsv6/tools/compiler/gcc-arm-none-eabi-4_9-2015q3/bin/../lib/gcc/arm-none-eabi/4.9.3/armv7e-m/fpu/crtn.o
 *(.bss.*)
 .bss.i.6964    0x000000002000081c        0x4 ./main.o
 .bss.pui32Stack
                0x0000000020000820      0x200 ./tm4c123gh6pm_startup_ccs_gcc.o
 .bss.enabled_spi
                0x0000000020000a20        0x1 ./HAL/SPID.o
 .bss.systick_interrupt_counter
                0x0000000020000a21        0x1 ./HAL/TIMD.o
 *fill*         0x0000000020000a22        0x2 
 .bss.triggered_tasks
                0x0000000020000a24        0x1 ./HAL/TIMD.o
 *fill*         0x0000000020000a25      0x1db 
 .bss.udma_control_structure
                0x0000000020000c00      0x400 ./HAL/uDMA.o
 .bss.udma_buffer_tx
                0x0000000020001000       0x10 ./HAL/uDMA.o
 .bss.udma_buffer_rx
                0x0000000020001010       0x10 ./HAL/uDMA.o
 .bss.control_word_ch12
                0x0000000020001020        0x4 ./HAL/uDMA.o
 .bss.control_word_ch13
                0x0000000020001024        0x4 ./HAL/uDMA.o
 .bss.g_StatMem
                0x0000000020001028      0x168 ./simplelink/source/driver.o
 .bss.g_pCB     0x0000000020001190        0x4 ./simplelink/source/driver.o
                0x0000000020001190                g_pCB
 .bss.pPingCallBackFunc
                0x0000000020001194        0x4 ./simplelink/source/driver.o
                0x0000000020001194                pPingCallBackFunc
 .bss.gFirstCmdMode
                0x0000000020001198        0x1 ./simplelink/source/driver.o
 *fill*         0x0000000020001199        0x3 
 .bss.g__SlNonOsCB
                0x000000002000119c       0x3c ./simplelink/source/nonos.o
                0x000000002000119c                g__SlNonOsCB
 *(COMMON)
 COMMON         0x00000000200011d8       0x10 ./main.o
                0x00000000200011d8                UDMA_ssi2_app_rx_data
 COMMON         0x00000000200011e8        0x1 ./HAL/SPID.o
                0x00000000200011e8                ssi2_status
 COMMON         0x00000000200011e9        0x2 ./simplelink/source/driver.o
                0x00000000200011e9                g_bDeviceRestartIsRequired
                0x00000000200011ea                RxIrqCnt
                0x00000000200011ec                . = ALIGN (0x4)
 *fill*         0x00000000200011eb        0x1 
                0x00000000200011ec                __bss_end__ = .

.heap           0x00000000200011ec        0x0
                0x00000000200011ec                __heap_start__ = .
                0x00000000200011ec                end = __heap_start__
                0x00000000200011ec                _end = end
                0x00000000200011ec                __end = end
 *(.heap)
                0x00000000200011ec                __heap_end__ = .
                0x00000000200011ec                __HeapLimit = __heap_end__

.stack          0x00000000200011f0        0x0
                0x00000000200011f0                _stack = .
                0x00000000200011f0                __stack = .
 *(.stack)
START GROUP
LOAD /Applications/ti/ccsv6/tools/compiler/gcc-arm-none-eabi-4_9-2015q3/bin/../lib/gcc/arm-none-eabi/4.9.3/armv7e-m/fpu/libgcc.a
LOAD /Applications/ti/ccsv6/tools/compiler/gcc-arm-none-eabi-4_9-2015q3/bin/../lib/gcc/arm-none-eabi/4.9.3/../../../../arm-none-eabi/lib/armv7e-m/fpu/libg.a
LOAD /Applications/ti/ccsv6/tools/compiler/gcc-arm-none-eabi-4_9-2015q3/bin/../lib/gcc/arm-none-eabi/4.9.3/../../../../arm-none-eabi/lib/armv7e-m/fpu/libc.a
END GROUP
START GROUP
LOAD /Applications/ti/ccsv6/tools/compiler/gcc-arm-none-eabi-4_9-2015q3/bin/../lib/gcc/arm-none-eabi/4.9.3/armv7e-m/fpu/libgcc.a
LOAD /Applications/ti/ccsv6/tools/compiler/gcc-arm-none-eabi-4_9-2015q3/bin/../lib/gcc/arm-none-eabi/4.9.3/../../../../arm-none-eabi/lib/armv7e-m/fpu/libc.a
LOAD /Applications/ti/ccsv6/tools/compiler/gcc-arm-none-eabi-4_9-2015q3/bin/../lib/gcc/arm-none-eabi/4.9.3/../../../../arm-none-eabi/lib/armv7e-m/fpu/libnosys.a
END GROUP
LOAD /Applications/ti/ccsv6/tools/compiler/gcc-arm-none-eabi-4_9-2015q3/bin/../lib/gcc/arm-none-eabi/4.9.3/armv7e-m/fpu/crtend.o
LOAD /Applications/ti/ccsv6/tools/compiler/gcc-arm-none-eabi-4_9-2015q3/bin/../lib/gcc/arm-none-eabi/4.9.3/armv7e-m/fpu/crtn.o
OUTPUT(CC3100-And-TivaC.out elf32-littlearm)

.ARM.attributes
                0x0000000000000000       0x30
 .ARM.attributes
                0x0000000000000000       0x22 /Applications/ti/ccsv6/tools/compiler/gcc-arm-none-eabi-4_9-2015q3/bin/../lib/gcc/arm-none-eabi/4.9.3/armv7e-m/fpu/crti.o
 .ARM.attributes
                0x0000000000000022       0x34 /Applications/ti/ccsv6/tools/compiler/gcc-arm-none-eabi-4_9-2015q3/bin/../lib/gcc/arm-none-eabi/4.9.3/armv7e-m/fpu/crtbegin.o
 .ARM.attributes
                0x0000000000000056       0x20 /Applications/ti/ccsv6/tools/compiler/gcc-arm-none-eabi-4_9-2015q3/bin/../lib/gcc/arm-none-eabi/4.9.3/../../../../arm-none-eabi/lib/armv7e-m/fpu/crt0.o
 .ARM.attributes
                0x0000000000000076       0x39 ./main.o
 .ARM.attributes
                0x00000000000000af       0x39 ./tm4c123gh6pm_startup_ccs_gcc.o
 .ARM.attributes
                0x00000000000000e8       0x39 ./ERRH/ERRH.o
 .ARM.attributes
                0x0000000000000121       0x39 ./HAL/SPID.o
 .ARM.attributes
                0x000000000000015a       0x39 ./HAL/SRHL.o
 .ARM.attributes
                0x0000000000000193       0x39 ./HAL/TIMD.o
 .ARM.attributes
                0x00000000000001cc       0x39 ./HAL/board.o
 .ARM.attributes
                0x0000000000000205       0x39 ./HAL/uDMA.o
 .ARM.attributes
                0x000000000000023e       0x39 ./cmsis/cmsis_nvic.o
 .ARM.attributes
                0x0000000000000277       0x39 ./cmsis/system_LM4F.o
 .ARM.attributes
                0x00000000000002b0       0x39 ./simplelink/source/device.o
 .ARM.attributes
                0x00000000000002e9       0x39 ./simplelink/source/driver.o
 .ARM.attributes
                0x0000000000000322       0x39 ./simplelink/source/flowcont.o
 .ARM.attributes
                0x000000000000035b       0x39 ./simplelink/source/fs.o
 .ARM.attributes
                0x0000000000000394       0x39 ./simplelink/source/netapp.o
 .ARM.attributes
                0x00000000000003cd       0x39 ./simplelink/source/netcfg.o
 .ARM.attributes
                0x0000000000000406       0x39 ./simplelink/source/nonos.o
 .ARM.attributes
                0x000000000000043f       0x39 ./simplelink/source/socket.o
 .ARM.attributes
                0x0000000000000478       0x39 ./simplelink/source/spawn.o
 .ARM.attributes
                0x00000000000004b1       0x39 ./simplelink/source/wlan.o
 .ARM.attributes
                0x00000000000004ea       0x34 /Applications/ti/ccsv6/tools/compiler/gcc-arm-none-eabi-4_9-2015q3/bin/../lib/gcc/arm-none-eabi/4.9.3/../../../../arm-none-eabi/lib/armv7e-m/fpu/libg.a(lib_a-exit.o)
 .ARM.attributes
                0x000000000000051e       0x34 /Applications/ti/ccsv6/tools/compiler/gcc-arm-none-eabi-4_9-2015q3/bin/../lib/gcc/arm-none-eabi/4.9.3/../../../../arm-none-eabi/lib/armv7e-m/fpu/libg.a(lib_a-impure.o)
 .ARM.attributes
                0x0000000000000552       0x34 /Applications/ti/ccsv6/tools/compiler/gcc-arm-none-eabi-4_9-2015q3/bin/../lib/gcc/arm-none-eabi/4.9.3/../../../../arm-none-eabi/lib/armv7e-m/fpu/libg.a(lib_a-init.o)
 .ARM.attributes
                0x0000000000000586       0x20 /Applications/ti/ccsv6/tools/compiler/gcc-arm-none-eabi-4_9-2015q3/bin/../lib/gcc/arm-none-eabi/4.9.3/../../../../arm-none-eabi/lib/armv7e-m/fpu/libg.a(lib_a-memcpy.o)
 .ARM.attributes
                0x00000000000005a6       0x34 /Applications/ti/ccsv6/tools/compiler/gcc-arm-none-eabi-4_9-2015q3/bin/../lib/gcc/arm-none-eabi/4.9.3/../../../../arm-none-eabi/lib/armv7e-m/fpu/libg.a(lib_a-memset.o)
 .ARM.attributes
                0x00000000000005da       0x34 /Applications/ti/ccsv6/tools/compiler/gcc-arm-none-eabi-4_9-2015q3/bin/../lib/gcc/arm-none-eabi/4.9.3/../../../../arm-none-eabi/lib/armv7e-m/fpu/libg.a(lib_a-__call_atexit.o)
 .ARM.attributes
                0x000000000000060e       0x34 /Applications/ti/ccsv6/tools/compiler/gcc-arm-none-eabi-4_9-2015q3/bin/../lib/gcc/arm-none-eabi/4.9.3/../../../../arm-none-eabi/lib/armv7e-m/fpu/libg.a(lib_a-atexit.o)
 .ARM.attributes
                0x0000000000000642       0x34 /Applications/ti/ccsv6/tools/compiler/gcc-arm-none-eabi-4_9-2015q3/bin/../lib/gcc/arm-none-eabi/4.9.3/../../../../arm-none-eabi/lib/armv7e-m/fpu/libg.a(lib_a-fini.o)
 .ARM.attributes
                0x0000000000000676       0x34 /Applications/ti/ccsv6/tools/compiler/gcc-arm-none-eabi-4_9-2015q3/bin/../lib/gcc/arm-none-eabi/4.9.3/../../../../arm-none-eabi/lib/armv7e-m/fpu/libg.a(lib_a-__atexit.o)
 .ARM.attributes
                0x00000000000006aa       0x34 /Applications/ti/ccsv6/tools/compiler/gcc-arm-none-eabi-4_9-2015q3/bin/../lib/gcc/arm-none-eabi/4.9.3/../../../../arm-none-eabi/lib/armv7e-m/fpu/libnosys.a(_exit.o)
 .ARM.attributes
                0x00000000000006de       0x34 /Applications/ti/ccsv6/tools/compiler/gcc-arm-none-eabi-4_9-2015q3/bin/../lib/gcc/arm-none-eabi/4.9.3/armv7e-m/fpu/crtend.o
 .ARM.attributes
                0x0000000000000712       0x22 /Applications/ti/ccsv6/tools/compiler/gcc-arm-none-eabi-4_9-2015q3/bin/../lib/gcc/arm-none-eabi/4.9.3/armv7e-m/fpu/crtn.o

.comment        0x0000000000000000       0x70
 .comment       0x0000000000000000       0x70 ./main.o
                                         0x71 (size before relaxing)
 .comment       0x0000000000000000       0x71 ./tm4c123gh6pm_startup_ccs_gcc.o
 .comment       0x0000000000000000       0x71 ./ERRH/ERRH.o
 .comment       0x0000000000000000       0x71 ./HAL/SPID.o
 .comment       0x0000000000000000       0x71 ./HAL/SRHL.o
 .comment       0x0000000000000000       0x71 ./HAL/TIMD.o
 .comment       0x0000000000000000       0x71 ./HAL/board.o
 .comment       0x0000000000000000       0x71 ./HAL/uDMA.o
 .comment       0x0000000000000000       0x71 ./cmsis/cmsis_nvic.o
 .comment       0x0000000000000000       0x71 ./cmsis/system_LM4F.o
 .comment       0x0000000000000000       0x71 ./simplelink/source/device.o
 .comment       0x0000000000000000       0x71 ./simplelink/source/driver.o
 .comment       0x0000000000000000       0x71 ./simplelink/source/flowcont.o
 .comment       0x0000000000000000       0x71 ./simplelink/source/fs.o
 .comment       0x0000000000000000       0x71 ./simplelink/source/netapp.o
 .comment       0x0000000000000000       0x71 ./simplelink/source/netcfg.o
 .comment       0x0000000000000000       0x71 ./simplelink/source/nonos.o
 .comment       0x0000000000000000       0x71 ./simplelink/source/socket.o
 .comment       0x0000000000000000       0x71 ./simplelink/source/spawn.o
 .comment       0x0000000000000000       0x71 ./simplelink/source/wlan.o

.debug_info     0x0000000000000000     0xfac6
 .debug_info    0x0000000000000000      0xecb ./main.o
 .debug_info    0x0000000000000ecb      0x19f ./tm4c123gh6pm_startup_ccs_gcc.o
 .debug_info    0x000000000000106a       0x64 ./ERRH/ERRH.o
 .debug_info    0x00000000000010ce     0x11b9 ./HAL/SPID.o
 .debug_info    0x0000000000002287     0x12df ./HAL/SRHL.o
 .debug_info    0x0000000000003566     0x1700 ./HAL/TIMD.o
 .debug_info    0x0000000000004c66      0x16f ./HAL/board.o
 .debug_info    0x0000000000004dd5     0x12bb ./HAL/uDMA.o
 .debug_info    0x0000000000006090      0x4ef ./cmsis/cmsis_nvic.o
 .debug_info    0x000000000000657f      0xd77 ./cmsis/system_LM4F.o
 .debug_info    0x00000000000072f6      0xea6 ./simplelink/source/device.o
 .debug_info    0x000000000000819c     0x19d7 ./simplelink/source/driver.o
 .debug_info    0x0000000000009b73       0x9b ./simplelink/source/flowcont.o
 .debug_info    0x0000000000009c0e      0x993 ./simplelink/source/fs.o
 .debug_info    0x000000000000a5a1     0x157d ./simplelink/source/netapp.o
 .debug_info    0x000000000000bb1e      0x3ca ./simplelink/source/netcfg.o
 .debug_info    0x000000000000bee8      0x638 ./simplelink/source/nonos.o
 .debug_info    0x000000000000c520     0x1a5e ./simplelink/source/socket.o
 .debug_info    0x000000000000df7e       0x9b ./simplelink/source/spawn.o
 .debug_info    0x000000000000e019     0x1aad ./simplelink/source/wlan.o

.debug_abbrev   0x0000000000000000     0x1ca1
 .debug_abbrev  0x0000000000000000      0x131 ./main.o
 .debug_abbrev  0x0000000000000131       0xe2 ./tm4c123gh6pm_startup_ccs_gcc.o
 .debug_abbrev  0x0000000000000213       0x26 ./ERRH/ERRH.o
 .debug_abbrev  0x0000000000000239      0x206 ./HAL/SPID.o
 .debug_abbrev  0x000000000000043f      0x18e ./HAL/SRHL.o
 .debug_abbrev  0x00000000000005cd      0x1d9 ./HAL/TIMD.o
 .debug_abbrev  0x00000000000007a6       0xab ./HAL/board.o
 .debug_abbrev  0x0000000000000851      0x1e0 ./HAL/uDMA.o
 .debug_abbrev  0x0000000000000a31      0x125 ./cmsis/cmsis_nvic.o
 .debug_abbrev  0x0000000000000b56      0x12a ./cmsis/system_LM4F.o
 .debug_abbrev  0x0000000000000c80      0x242 ./simplelink/source/device.o
 .debug_abbrev  0x0000000000000ec2      0x22a ./simplelink/source/driver.o
 .debug_abbrev  0x00000000000010ec       0x4b ./simplelink/source/flowcont.o
 .debug_abbrev  0x0000000000001137      0x1d9 ./simplelink/source/fs.o
 .debug_abbrev  0x0000000000001310      0x22d ./simplelink/source/netapp.o
 .debug_abbrev  0x000000000000153d      0x123 ./simplelink/source/netcfg.o
 .debug_abbrev  0x0000000000001660      0x158 ./simplelink/source/nonos.o
 .debug_abbrev  0x00000000000017b8      0x28a ./simplelink/source/socket.o
 .debug_abbrev  0x0000000000001a42       0x4b ./simplelink/source/spawn.o
 .debug_abbrev  0x0000000000001a8d      0x214 ./simplelink/source/wlan.o

.debug_aranges  0x0000000000000000      0x778
 .debug_aranges
                0x0000000000000000       0x20 ./main.o
 .debug_aranges
                0x0000000000000020       0x38 ./tm4c123gh6pm_startup_ccs_gcc.o
 .debug_aranges
                0x0000000000000058       0x18 ./ERRH/ERRH.o
 .debug_aranges
                0x0000000000000070       0x58 ./HAL/SPID.o
 .debug_aranges
                0x00000000000000c8       0x48 ./HAL/SRHL.o
 .debug_aranges
                0x0000000000000110       0x68 ./HAL/TIMD.o
 .debug_aranges
                0x0000000000000178       0x78 ./HAL/board.o
 .debug_aranges
                0x00000000000001f0       0x90 ./HAL/uDMA.o
 .debug_aranges
                0x0000000000000280       0x28 ./cmsis/cmsis_nvic.o
 .debug_aranges
                0x00000000000002a8       0x30 ./cmsis/system_LM4F.o
 .debug_aranges
                0x00000000000002d8       0x70 ./simplelink/source/device.o
 .debug_aranges
                0x0000000000000348      0x118 ./simplelink/source/driver.o
 .debug_aranges
                0x0000000000000460       0x18 ./simplelink/source/flowcont.o
 .debug_aranges
                0x0000000000000478       0x58 ./simplelink/source/fs.o
 .debug_aranges
                0x00000000000004d0       0xa0 ./simplelink/source/netapp.o
 .debug_aranges
                0x0000000000000570       0x28 ./simplelink/source/netcfg.o
 .debug_aranges
                0x0000000000000598       0x38 ./simplelink/source/nonos.o
 .debug_aranges
                0x00000000000005d0       0xe0 ./simplelink/source/socket.o
 .debug_aranges
                0x00000000000006b0       0x18 ./simplelink/source/spawn.o
 .debug_aranges
                0x00000000000006c8       0xb0 ./simplelink/source/wlan.o

.debug_ranges   0x0000000000000000      0x638
 .debug_ranges  0x0000000000000000       0x10 ./main.o
 .debug_ranges  0x0000000000000010       0x28 ./tm4c123gh6pm_startup_ccs_gcc.o
 .debug_ranges  0x0000000000000038       0x48 ./HAL/SPID.o
 .debug_ranges  0x0000000000000080       0x38 ./HAL/SRHL.o
 .debug_ranges  0x00000000000000b8       0x58 ./HAL/TIMD.o
 .debug_ranges  0x0000000000000110       0x68 ./HAL/board.o
 .debug_ranges  0x0000000000000178       0x80 ./HAL/uDMA.o
 .debug_ranges  0x00000000000001f8       0x18 ./cmsis/cmsis_nvic.o
 .debug_ranges  0x0000000000000210       0x20 ./cmsis/system_LM4F.o
 .debug_ranges  0x0000000000000230       0x60 ./simplelink/source/device.o
 .debug_ranges  0x0000000000000290      0x120 ./simplelink/source/driver.o
 .debug_ranges  0x00000000000003b0       0x48 ./simplelink/source/fs.o
 .debug_ranges  0x00000000000003f8       0x90 ./simplelink/source/netapp.o
 .debug_ranges  0x0000000000000488       0x18 ./simplelink/source/netcfg.o
 .debug_ranges  0x00000000000004a0       0x28 ./simplelink/source/nonos.o
 .debug_ranges  0x00000000000004c8       0xd0 ./simplelink/source/socket.o
 .debug_ranges  0x0000000000000598       0xa0 ./simplelink/source/wlan.o

.debug_line     0x0000000000000000     0x35b6
 .debug_line    0x0000000000000000      0x18d ./main.o
 .debug_line    0x000000000000018d      0x188 ./tm4c123gh6pm_startup_ccs_gcc.o
 .debug_line    0x0000000000000315       0x1d ./ERRH/ERRH.o
 .debug_line    0x0000000000000332      0x218 ./HAL/SPID.o
 .debug_line    0x000000000000054a      0x20b ./HAL/SRHL.o
 .debug_line    0x0000000000000755      0x249 ./HAL/TIMD.o
 .debug_line    0x000000000000099e      0x102 ./HAL/board.o
 .debug_line    0x0000000000000aa0      0x28d ./HAL/uDMA.o
 .debug_line    0x0000000000000d2d      0x162 ./cmsis/cmsis_nvic.o
 .debug_line    0x0000000000000e8f      0x1d5 ./cmsis/system_LM4F.o
 .debug_line    0x0000000000001064      0x416 ./simplelink/source/device.o
 .debug_line    0x000000000000147a      0x7f8 ./simplelink/source/driver.o
 .debug_line    0x0000000000001c72      0x136 ./simplelink/source/flowcont.o
 .debug_line    0x0000000000001da8      0x2e2 ./simplelink/source/fs.o
 .debug_line    0x000000000000208a      0x4cb ./simplelink/source/netapp.o
 .debug_line    0x0000000000002555      0x1f8 ./simplelink/source/netcfg.o
 .debug_line    0x000000000000274d      0x263 ./simplelink/source/nonos.o
 .debug_line    0x00000000000029b0      0x5c7 ./simplelink/source/socket.o
 .debug_line    0x0000000000002f77      0x136 ./simplelink/source/spawn.o
 .debug_line    0x00000000000030ad      0x509 ./simplelink/source/wlan.o

.debug_str      0x0000000000000000     0x4afe
 .debug_str     0x0000000000000000      0x7cf ./main.o
                                        0x82c (size before relaxing)
 .debug_str     0x00000000000007cf       0xa1 ./tm4c123gh6pm_startup_ccs_gcc.o
                                        0x285 (size before relaxing)
 .debug_str     0x0000000000000870        0xf ./ERRH/ERRH.o
                                        0x1b7 (size before relaxing)
 .debug_str     0x000000000000087f      0x1bf ./HAL/SPID.o
                                        0x9ce (size before relaxing)
 .debug_str     0x0000000000000a3e      0x3cc ./HAL/SRHL.o
                                        0xc72 (size before relaxing)
 .debug_str     0x0000000000000e0a      0x2b1 ./HAL/TIMD.o
                                        0xec1 (size before relaxing)
 .debug_str     0x00000000000010bb       0xe0 ./HAL/board.o
                                        0x232 (size before relaxing)
 .debug_str     0x000000000000119b      0x37a ./HAL/uDMA.o
                                        0xc43 (size before relaxing)
 .debug_str     0x0000000000001515       0x47 ./cmsis/cmsis_nvic.o
                                        0x66d (size before relaxing)
 .debug_str     0x000000000000155c       0x6a ./cmsis/system_LM4F.o
                                        0x815 (size before relaxing)
 .debug_str     0x00000000000015c6      0xbbc ./simplelink/source/device.o
                                        0xe19 (size before relaxing)
 .debug_str     0x0000000000002182      0x73f ./simplelink/source/driver.o
                                       0x1224 (size before relaxing)
 .debug_str     0x00000000000028c1       0x20 ./simplelink/source/flowcont.o
                                        0x1f5 (size before relaxing)
 .debug_str     0x00000000000028e1      0x403 ./simplelink/source/fs.o
                                        0x707 (size before relaxing)
 .debug_str     0x0000000000002ce4      0x7f9 ./simplelink/source/netapp.o
                                       0x105c (size before relaxing)
 .debug_str     0x00000000000034dd      0x1bf ./simplelink/source/netcfg.o
                                        0x4ab (size before relaxing)
 .debug_str     0x000000000000369c       0x99 ./simplelink/source/nonos.o
                                        0x606 (size before relaxing)
 .debug_str     0x0000000000003735      0x655 ./simplelink/source/socket.o
                                        0xea7 (size before relaxing)
 .debug_str     0x0000000000003d8a       0x1d ./simplelink/source/spawn.o
                                        0x1f2 (size before relaxing)
 .debug_str     0x0000000000003da7      0xd57 ./simplelink/source/wlan.o
                                       0x1104 (size before relaxing)

.debug_frame    0x0000000000000000     0x1bd4
 .debug_frame   0x0000000000000000       0x2c ./main.o
 .debug_frame   0x000000000000002c       0x7c ./tm4c123gh6pm_startup_ccs_gcc.o
 .debug_frame   0x00000000000000a8      0x13c ./HAL/SPID.o
 .debug_frame   0x00000000000001e4       0xf0 ./HAL/SRHL.o
 .debug_frame   0x00000000000002d4      0x16c ./HAL/TIMD.o
 .debug_frame   0x0000000000000440      0x1a0 ./HAL/board.o
 .debug_frame   0x00000000000005e0      0x224 ./HAL/uDMA.o
 .debug_frame   0x0000000000000804       0x60 ./cmsis/cmsis_nvic.o
 .debug_frame   0x0000000000000864       0x84 ./cmsis/system_LM4F.o
 .debug_frame   0x00000000000008e8      0x1a0 ./simplelink/source/device.o
 .debug_frame   0x0000000000000a88      0x4ac ./simplelink/source/driver.o
 .debug_frame   0x0000000000000f34      0x13c ./simplelink/source/fs.o
 .debug_frame   0x0000000000001070      0x28c ./simplelink/source/netapp.o
 .debug_frame   0x00000000000012fc       0x58 ./simplelink/source/netcfg.o
 .debug_frame   0x0000000000001354       0xa8 ./simplelink/source/nonos.o
 .debug_frame   0x00000000000013fc      0x3b0 ./simplelink/source/socket.o
 .debug_frame   0x00000000000017ac      0x2a8 ./simplelink/source/wlan.o
 .debug_frame   0x0000000000001a54       0x28 /Applications/ti/ccsv6/tools/compiler/gcc-arm-none-eabi-4_9-2015q3/bin/../lib/gcc/arm-none-eabi/4.9.3/../../../../arm-none-eabi/lib/armv7e-m/fpu/libg.a(lib_a-exit.o)
 .debug_frame   0x0000000000001a7c       0x2c /Applications/ti/ccsv6/tools/compiler/gcc-arm-none-eabi-4_9-2015q3/bin/../lib/gcc/arm-none-eabi/4.9.3/../../../../arm-none-eabi/lib/armv7e-m/fpu/libg.a(lib_a-init.o)
 .debug_frame   0x0000000000001aa8       0x34 /Applications/ti/ccsv6/tools/compiler/gcc-arm-none-eabi-4_9-2015q3/bin/../lib/gcc/arm-none-eabi/4.9.3/../../../../arm-none-eabi/lib/armv7e-m/fpu/libg.a(lib_a-memset.o)
 .debug_frame   0x0000000000001adc       0x50 /Applications/ti/ccsv6/tools/compiler/gcc-arm-none-eabi-4_9-2015q3/bin/../lib/gcc/arm-none-eabi/4.9.3/../../../../arm-none-eabi/lib/armv7e-m/fpu/libg.a(lib_a-__call_atexit.o)
 .debug_frame   0x0000000000001b2c       0x20 /Applications/ti/ccsv6/tools/compiler/gcc-arm-none-eabi-4_9-2015q3/bin/../lib/gcc/arm-none-eabi/4.9.3/../../../../arm-none-eabi/lib/armv7e-m/fpu/libg.a(lib_a-atexit.o)
 .debug_frame   0x0000000000001b4c       0x34 /Applications/ti/ccsv6/tools/compiler/gcc-arm-none-eabi-4_9-2015q3/bin/../lib/gcc/arm-none-eabi/4.9.3/../../../../arm-none-eabi/lib/armv7e-m/fpu/libg.a(lib_a-fini.o)
 .debug_frame   0x0000000000001b80       0x34 /Applications/ti/ccsv6/tools/compiler/gcc-arm-none-eabi-4_9-2015q3/bin/../lib/gcc/arm-none-eabi/4.9.3/../../../../arm-none-eabi/lib/armv7e-m/fpu/libg.a(lib_a-__atexit.o)
 .debug_frame   0x0000000000001bb4       0x20 /Applications/ti/ccsv6/tools/compiler/gcc-arm-none-eabi-4_9-2015q3/bin/../lib/gcc/arm-none-eabi/4.9.3/../../../../arm-none-eabi/lib/armv7e-m/fpu/libnosys.a(_exit.o)
